// Jest Snapshot v1, https://goo.gl/fbAQLP

exports[`GenreQuestionScreen is rendered correctly 1`] = `
<section
  className="game game--genre"
>
  <header
    className="game__header"
  >
    <a
      className="game__back"
      href="#"
    >
      <span
        className="visually-hidden"
      >
        Сыграть ещё раз
      </span>
      <img
        alt="Угадай мелодию"
        className="game__logo"
        src="img/melody-logo-ginger.png"
      />
    </a>
    <svg
      className="timer"
      viewBox="0 0 780 780"
      xmlns="http://www.w3.org/2000/svg"
    >
      <circle
        className="timer__line"
        cx="390"
        cy="390"
        r="370"
        style={
          Object {
            "filter": "url(#blur)",
            "transform": "rotate(-90deg) scaleY(-1)",
            "transformOrigin": "center",
          }
        }
      />
    </svg>
    <div
      className="game__mistakes"
    >
      <div
        className="wrong"
      />
      <div
        className="wrong"
      />
      <div
        className="wrong"
      />
    </div>
  </header>
  <section
    className="game__screen"
  >
    <h2
      className="game__title"
    >
      Выберите 
      jazz
       треки
    </h2>
    <form
      className="game__tracks"
      onSubmit={[Function]}
    >
      <div
        className="track"
      >
        <button
          className="track__button track__button--play"
          type="button"
        />
        <div
          className="track__status"
        >
          <audio
            src="https://store.vas-stream.ru/uploads/mts-rbt/cms/preview/file/27313/cf1cae78ccb896cd22790f4c2a649ab2.mp3?timestamp=1580999601"
          />
        </div>
        <div
          className="game__answer"
        >
          <input
            checked={false}
            className="game__input visually-hidden"
            id="answer-0"
            name="answer"
            onChange={[Function]}
            type="checkbox"
            value="answer-0"
          />
          <label
            className="game__check"
            htmlFor="answer-0"
          >
            Отметить
          </label>
        </div>
      </div>
      <div
        className="track"
      >
        <button
          className="track__button track__button--play"
          type="button"
        />
        <div
          className="track__status"
        >
          <audio
            src="https://store.vas-stream.ru/uploads/mts-rbt/cms/preview/file/7143/0fc58601e2e1a3531a8edfdf0d6a956a.optimized.mp3"
          />
        </div>
        <div
          className="game__answer"
        >
          <input
            checked={false}
            className="game__input visually-hidden"
            id="answer-1"
            name="answer"
            onChange={[Function]}
            type="checkbox"
            value="answer-1"
          />
          <label
            className="game__check"
            htmlFor="answer-1"
          >
            Отметить
          </label>
        </div>
      </div>
      <div
        className="track"
      >
        <button
          className="track__button track__button--play"
          type="button"
        />
        <div
          className="track__status"
        >
          <audio
            src="https://store.vas-stream.ru/uploads/mts-rbt/cms/preview/file/767/34961638a25cb4827248fd1fe2e4d78e.optimized.mp3"
          />
        </div>
        <div
          className="game__answer"
        >
          <input
            checked={false}
            className="game__input visually-hidden"
            id="answer-2"
            name="answer"
            onChange={[Function]}
            type="checkbox"
            value="answer-2"
          />
          <label
            className="game__check"
            htmlFor="answer-2"
          >
            Отметить
          </label>
        </div>
      </div>
      <div
        className="track"
      >
        <button
          className="track__button track__button--play"
          type="button"
        />
        <div
          className="track__status"
        >
          <audio
            src="https://store.vas-stream.ru/uploads/mts-rbt/cms/preview/file/5622/9c994526d37b56cd609f904822ffbe53.optimized.mp3"
          />
        </div>
        <div
          className="game__answer"
        >
          <input
            checked={false}
            className="game__input visually-hidden"
            id="answer-3"
            name="answer"
            onChange={[Function]}
            type="checkbox"
            value="answer-3"
          />
          <label
            className="game__check"
            htmlFor="answer-3"
          >
            Отметить
          </label>
        </div>
      </div>
      <button
        className="game__submit button"
        type="submit"
      >
        Ответить
      </button>
    </form>
  </section>
</section>
`;
